// Jest Snapshot v1, https://goo.gl/fbAQLP

exports[`renders correctly on snapshot test 1`] = `
<div>
  <header
    className="MuiPaper-root MuiAppBar-root MuiAppBar-positionStatic MuiAppBar-colorPrimary MuiPaper-elevation4"
  >
    <div
      className="MuiToolbar-root MuiToolbar-regular MuiToolbar-gutters"
    >
      <h5
        className="MuiTypography-root Navigation-logoText-3 MuiTypography-h5 MuiTypography-colorInherit"
      >
        <a
          aria-current="page"
          className="Navigation-logoLink-4"
          href="/"
          onClick={[Function]}
        >
          Runalytical
          <svg
            aria-hidden="true"
            className="MuiSvgIcon-root Navigation-runningIcon-2"
            focusable="false"
            role="presentation"
            viewBox="0 0 24 24"
          >
            <path
              d="M13.49 5.48c1.1 0 2-.9 2-2s-.9-2-2-2-2 .9-2 2 .9 2 2 2zm-3.6 13.9l1-4.4 2.1 2v6h2v-7.5l-2.1-2 .6-3c1.3 1.5 3.3 2.5 5.5 2.5v-2c-1.9 0-3.5-1-4.3-2.4l-1-1.6c-.4-.6-1-1-1.7-1-.3 0-.5.1-.8.1l-5.2 2.2v4.7h2v-3.4l1.8-.7-1.6 8.1-4.9-1-.4 2 7 1.4z"
            />
          </svg>
        </a>
      </h5>
      <div
        className="Navigation-menuItem-1"
      >
        <a
          aria-current="page"
          href="/"
          onClick={[Function]}
        >
          <button
            className="MuiButtonBase-root MuiButton-root MuiButton-text Navigation-menuItem-1 MuiButton-colorInherit"
            disabled={false}
            onBlur={[Function]}
            onDragLeave={[Function]}
            onFocus={[Function]}
            onKeyDown={[Function]}
            onKeyUp={[Function]}
            onMouseDown={[Function]}
            onMouseLeave={[Function]}
            onMouseUp={[Function]}
            onTouchEnd={[Function]}
            onTouchMove={[Function]}
            onTouchStart={[Function]}
            tabIndex={0}
            type="button"
          >
            <span
              className="MuiButton-label"
            >
              Log In
            </span>
          </button>
        </a>
      </div>
    </div>
  </header>
  <div
    role="group"
    style={
      Object {
        "outline": "none",
      }
    }
    tabIndex="-1"
  >
    <form
      autoComplete="off"
      className="Home-root-119"
      noValidate={true}
    >
      <h6
        className="MuiTypography-root MuiTypography-h6"
      >
        Log-In below:
      </h6>
      <div
        className="MuiFormControl-root MuiTextField-root"
      >
        <label
          className="MuiFormLabel-root MuiInputLabel-root MuiInputLabel-formControl MuiInputLabel-animated MuiInputLabel-outlined Mui-required Mui-required"
          data-shrink={false}
          htmlFor="outlined-basic"
          id="outlined-basic-label"
        >
          Email
          <span
            className="MuiFormLabel-asterisk MuiInputLabel-asterisk"
          >
             
            *
          </span>
        </label>
        <div
          className="MuiInputBase-root MuiOutlinedInput-root MuiInputBase-formControl"
          onClick={[Function]}
        >
          <input
            aria-invalid={false}
            autoFocus={false}
            className="MuiInputBase-input MuiOutlinedInput-input"
            disabled={false}
            id="outlined-basic"
            name="userName"
            onAnimationStart={[Function]}
            onBlur={[Function]}
            onChange={[Function]}
            onFocus={[Function]}
            placeholder="Enter User Name"
            required={true}
            type="text"
            value=""
          />
          <fieldset
            aria-hidden={true}
            className="PrivateNotchedOutline-root-181 MuiOutlinedInput-notchedOutline"
          >
            <legend
              className="PrivateNotchedOutline-legendLabelled-183"
            >
              <span>
                Email
                 *
              </span>
            </legend>
          </fieldset>
        </div>
      </div>
      <div
        className="MuiFormControl-root MuiTextField-root"
      >
        <label
          className="MuiFormLabel-root MuiInputLabel-root MuiInputLabel-formControl MuiInputLabel-animated MuiInputLabel-outlined Mui-required Mui-required"
          data-shrink={false}
          htmlFor="outlined-password-input"
          id="outlined-password-input-label"
        >
          Password
          <span
            className="MuiFormLabel-asterisk MuiInputLabel-asterisk"
          >
             
            *
          </span>
        </label>
        <div
          className="MuiInputBase-root MuiOutlinedInput-root MuiInputBase-formControl"
          onClick={[Function]}
        >
          <input
            aria-invalid={false}
            autoFocus={false}
            className="MuiInputBase-input MuiOutlinedInput-input"
            disabled={false}
            id="outlined-password-input"
            name="password"
            onAnimationStart={[Function]}
            onBlur={[Function]}
            onChange={[Function]}
            onFocus={[Function]}
            placeholder="Enter Password"
            required={true}
            type="password"
            value=""
          />
          <fieldset
            aria-hidden={true}
            className="PrivateNotchedOutline-root-181 MuiOutlinedInput-notchedOutline"
          >
            <legend
              className="PrivateNotchedOutline-legendLabelled-183"
            >
              <span>
                Password
                 *
              </span>
            </legend>
          </fieldset>
        </div>
      </div>
      <button
        className="MuiButtonBase-root MuiButton-root MuiButton-text Home-button-120"
        disabled={false}
        onBlur={[Function]}
        onClick={[Function]}
        onDragLeave={[Function]}
        onFocus={[Function]}
        onKeyDown={[Function]}
        onKeyUp={[Function]}
        onMouseDown={[Function]}
        onMouseLeave={[Function]}
        onMouseUp={[Function]}
        onTouchEnd={[Function]}
        onTouchMove={[Function]}
        onTouchStart={[Function]}
        tabIndex={0}
        type="button"
      >
        <span
          className="MuiButton-label"
        >
          Log In
        </span>
      </button>
      <p
        className="MuiTypography-root MuiTypography-body1"
      >
        Not a member yet? 
      </p>
      <a
        className="Home-signup-121"
        href="/sign-up"
        onClick={[Function]}
      >
        Sign Up
      </a>
    </form>
  </div>
</div>
`;
