// Jest Snapshot v1, https://goo.gl/fbAQLP

exports[`renders correctly on snapshot test 1`] = `
<div>
  <div
    className="canvas"
  >
    <div
      className="innerCanvas"
    >
      <h5
        className="graphTitle"
      >
        Effort Percentages
      </h5>
    </div>
  </div>
</div>
`;
